// Jest Snapshot v1, https://goo.gl/fbAQLP

exports[`Loader should render 1`] = `
<div
  className="loader floating-centered"
>
  <div
    className="ball-grid-pulse"
  >
    <div />
    <div />
    <div />
    <div />
    <div />
    <div />
    <div />
    <div />
    <div />
  </div>
</div>
`;
